Γû▓ Next.js 16.1.6 (Turbopack)
- Environments: .env.local

  Creating an optimized production build ...
node.exe : 
At line:1 char:1
+ & "C:\Program 
Files\nodejs/node.exe" 
"C:\Users\user\AppData\
Roaming\n ...
+ ~~~~~~~~~~~~~~~~~~~~~
~~~~~~~~~~~~~~~~~~~~~~~
~~~~~~~~~~~~~~~~~~~~~~~
~~
    + CategoryInfo     
         : NotSpecifi  
  ed: (:String) [],    
 RemoteException
    + FullyQualifiedEr 
   rorId : NativeComm  
  andError
 
> Build error occurred
Error: Turbopack build 
failed with 9 errors:
./src/app/admin/guru/pa
ge.tsx:1:10
Ecmascript file had an 
error
[0m[31m[1m>[22m[39
m[90m 1 |[39m 
[36mimport[39m { 
useEffect[33m,[39m 
useState[33m,[39m 
useRef } 
[36mfrom[39m 
[32m'react'[39m
 [90m   |[39m        
  [31m[1m^[22m[39m
[31m[1m^[22m[39m[31
m[1m^[22m[39m[31m[
1m^[22m[39m[31m[1m^
[22m[39m[31m[1m^[2
2m[39m[31m[1m^[22m
[39m[31m[1m^[22m[39
m[31m[1m^[22m[39m
 [90m 2 |[39m 
[36mimport[39m { 
supabase } 
[36mfrom[39m [32m'@/
lib/supabase'[39m
 [90m 3 |[39m 
[36mimport[39m { 
[33mTeacher[39m } 
[36mfrom[39m 
[32m'@/lib/types'[39m
 [90m 4 |[39m 
[36mimport[39m { [33
mPageHeader[39m[33m,
[39m [33mButton[39m[
33m,[39m [33mTable[3
9m[33m,[39m [33mModa
l[39m[33m,[39m 
[33mInput[39m } 
[36mfrom[39m [32m'@/
components/ui'[39m[0m

You're importing a 
component that needs 
`useEffect`. This 
React Hook only works 
in a Client Component. 
To fix, mark the file 
(or its parent) with 
the `"use client"` 
directive.

 Learn more: https://ne
xtjs.org/docs/app/api-r
eference/directives/use
-client




./src/app/admin/guru/pa
ge.tsx:1:31
Ecmascript file had an 
error
[0m[31m[1m>[22m[39
m[90m 1 |[39m 
[36mimport[39m { 
useEffect[33m,[39m 
useState[33m,[39m 
useRef } 
[36mfrom[39m 
[32m'react'[39m
 [90m   |[39m        
                       
[31m[1m^[22m[39m[3
1m[1m^[22m[39m[31m
[1m^[22m[39m[31m[1m
^[22m[39m[31m[1m^[
22m[39m[31m[1m^[22m
[39m
 [90m 2 |[39m 
[36mimport[39m { 
supabase } 
[36mfrom[39m [32m'@/
lib/supabase'[39m
 [90m 3 |[39m 
[36mimport[39m { 
[33mTeacher[39m } 
[36mfrom[39m 
[32m'@/lib/types'[39m
 [90m 4 |[39m 
[36mimport[39m { [33
mPageHeader[39m[33m,
[39m [33mButton[39m[
33m,[39m [33mTable[3
9m[33m,[39m [33mModa
l[39m[33m,[39m 
[33mInput[39m } 
[36mfrom[39m [32m'@/
components/ui'[39m[0m

You're importing a 
component that needs 
`useRef`. This React 
Hook only works in a 
Client Component. To 
fix, mark the file (or 
its parent) with the 
`"use client"` 
directive.

 Learn more: https://ne
xtjs.org/docs/app/api-r
eference/directives/use
-client




./src/app/admin/guru/pa
ge.tsx:1:21
Ecmascript file had an 
error
[0m[31m[1m>[22m[39
m[90m 1 |[39m 
[36mimport[39m { 
useEffect[33m,[39m 
useState[33m,[39m 
useRef } 
[36mfrom[39m 
[32m'react'[39m
 [90m   |[39m        
             [31m[1m^
[22m[39m[31m[1m^[2
2m[39m[31m[1m^[22m
[39m[31m[1m^[22m[39
m[31m[1m^[22m[39m[
31m[1m^[22m[39m[31m
[1m^[22m[39m[31m[1
m^[22m[39m
 [90m 2 |[39m 
[36mimport[39m { 
supabase } 
[36mfrom[39m [32m'@/
lib/supabase'[39m
 [90m 3 |[39m 
[36mimport[39m { 
[33mTeacher[39m } 
[36mfrom[39m 
[32m'@/lib/types'[39m
 [90m 4 |[39m 
[36mimport[39m { [33
mPageHeader[39m[33m,
[39m [33mButton[39m[
33m,[39m [33mTable[3
9m[33m,[39m [33mModa
l[39m[33m,[39m 
[33mInput[39m } 
[36mfrom[39m [32m'@/
components/ui'[39m[0m

You're importing a 
component that needs 
`useState`. This React 
Hook only works in a 
Client Component. To 
fix, mark the file (or 
its parent) with the 
`"use client"` 
directive.

 Learn more: https://ne
xtjs.org/docs/app/api-r
eference/directives/use
-client




./src/app/admin/mata-pe
lajaran/page.tsx:1:10
Ecmascript file had an 
error
[0m[31m[1m>[22m[39
m[90m 1 |[39m 
[36mimport[39m { 
useEffect[33m,[39m 
useState[33m,[39m 
useRef } 
[36mfrom[39m 
[32m'react'[39m
 [90m   |[39m        
  [31m[1m^[22m[39m
[31m[1m^[22m[39m[31
m[1m^[22m[39m[31m[
1m^[22m[39m[31m[1m^
[22m[39m[31m[1m^[2
2m[39m[31m[1m^[22m
[39m[31m[1m^[22m[39
m[31m[1m^[22m[39m
 [90m 2 |[39m 
[36mimport[39m { 
supabase } 
[36mfrom[39m [32m'@/
lib/supabase'[39m
 [90m 3 |[39m 
[36mimport[39m { 
[33mSubject[39m } 
[36mfrom[39m 
[32m'@/lib/types'[39m
 [90m 4 |[39m 
[36mimport[39m { [33
mPageHeader[39m[33m,
[39m [33mButton[39m[
33m,[39m [33mTable[3
9m[33m,[39m [33mModa
l[39m[33m,[39m 
[33mInput[39m } 
[36mfrom[39m [32m'@/
components/ui'[39m[0m

You're importing a 
component that needs 
`useEffect`. This 
React Hook only works 
in a Client Component. 
To fix, mark the file 
(or its parent) with 
the `"use client"` 
directive.

 Learn more: https://ne
xtjs.org/docs/app/api-r
eference/directives/use
-client




./src/app/admin/mata-pe
lajaran/page.tsx:1:31
Ecmascript file had an 
error
[0m[31m[1m>[22m[39
m[90m 1 |[39m 
[36mimport[39m { 
useEffect[33m,[39m 
useState[33m,[39m 
useRef } 
[36mfrom[39m 
[32m'react'[39m
 [90m   |[39m        
                       
[31m[1m^[22m[39m[3
1m[1m^[22m[39m[31m
[1m^[22m[39m[31m[1m
^[22m[39m[31m[1m^[
22m[39m[31m[1m^[22m
[39m
 [90m 2 |[39m 
[36mimport[39m { 
supabase } 
[36mfrom[39m [32m'@/
lib/supabase'[39m
 [90m 3 |[39m 
[36mimport[39m { 
[33mSubject[39m } 
[36mfrom[39m 
[32m'@/lib/types'[39m
 [90m 4 |[39m 
[36mimport[39m { [33
mPageHeader[39m[33m,
[39m [33mButton[39m[
33m,[39m [33mTable[3
9m[33m,[39m [33mModa
l[39m[33m,[39m 
[33mInput[39m } 
[36mfrom[39m [32m'@/
components/ui'[39m[0m

You're importing a 
component that needs 
`useRef`. This React 
Hook only works in a 
Client Component. To 
fix, mark the file (or 
its parent) with the 
`"use client"` 
directive.

 Learn more: https://ne
xtjs.org/docs/app/api-r
eference/directives/use
-client




./src/app/admin/mata-pe
lajaran/page.tsx:1:21
Ecmascript file had an 
error
[0m[31m[1m>[22m[39
m[90m 1 |[39m 
[36mimport[39m { 
useEffect[33m,[39m 
useState[33m,[39m 
useRef } 
[36mfrom[39m 
[32m'react'[39m
 [90m   |[39m        
             [31m[1m^
[22m[39m[31m[1m^[2
2m[39m[31m[1m^[22m
[39m[31m[1m^[22m[39
m[31m[1m^[22m[39m[
31m[1m^[22m[39m[31m
[1m^[22m[39m[31m[1
m^[22m[39m
 [90m 2 |[39m 
[36mimport[39m { 
supabase } 
[36mfrom[39m [32m'@/
lib/supabase'[39m
 [90m 3 |[39m 
[36mimport[39m { 
[33mSubject[39m } 
[36mfrom[39m 
[32m'@/lib/types'[39m
 [90m 4 |[39m 
[36mimport[39m { [33
mPageHeader[39m[33m,
[39m [33mButton[39m[
33m,[39m [33mTable[3
9m[33m,[39m [33mModa
l[39m[33m,[39m 
[33mInput[39m } 
[36mfrom[39m [32m'@/
components/ui'[39m[0m

You're importing a 
component that needs 
`useState`. This React 
Hook only works in a 
Client Component. To 
fix, mark the file (or 
its parent) with the 
`"use client"` 
directive.

 Learn more: https://ne
xtjs.org/docs/app/api-r
eference/directives/use
-client




./src/app/admin/siswa/p
age.tsx:1:10
Ecmascript file had an 
error
[0m[31m[1m>[22m[39
m[90m 1 |[39m 
[36mimport[39m { 
useEffect[33m,[39m 
useState[33m,[39m 
useRef } 
[36mfrom[39m 
[32m'react'[39m
 [90m   |[39m        
  [31m[1m^[22m[39m
[31m[1m^[22m[39m[31
m[1m^[22m[39m[31m[
1m^[22m[39m[31m[1m^
[22m[39m[31m[1m^[2
2m[39m[31m[1m^[22m
[39m[31m[1m^[22m[39
m[31m[1m^[22m[39m
 [90m 2 |[39m 
[36mimport[39m { 
supabase } 
[36mfrom[39m [32m'@/
lib/supabase'[39m
 [90m 3 |[39m 
[36mimport[39m { [33
mStudent[39m[33m,[39
m [33mClass[39m } 
[36mfrom[39m 
[32m'@/lib/types'[39m
 [90m 4 |[39m 
[36mimport[39m { [33
mPageHeader[39m[33m,
[39m [33mButton[39m[
33m,[39m [33mTable[3
9m[33m,[39m [33mModa
l[39m[33m,[39m [33m
Input[39m[33m,[39m 
[33mSelect[39m[33m,[
39m [33mBadge[39m } 
[36mfrom[39m [32m'@/
components/ui'[39m[0m

You're importing a 
component that needs 
`useEffect`. This 
React Hook only works 
in a Client Component. 
To fix, mark the file 
(or its parent) with 
the `"use client"` 
directive.

 Learn more: https://ne
xtjs.org/docs/app/api-r
eference/directives/use
-client




./src/app/admin/siswa/p
age.tsx:1:31
Ecmascript file had an 
error
[0m[31m[1m>[22m[39
m[90m 1 |[39m 
[36mimport[39m { 
useEffect[33m,[39m 
useState[33m,[39m 
useRef } 
[36mfrom[39m 
[32m'react'[39m
 [90m   |[39m        
                       
[31m[1m^[22m[39m[3
1m[1m^[22m[39m[31m
[1m^[22m[39m[31m[1m
^[22m[39m[31m[1m^[
22m[39m[31m[1m^[22m
[39m
 [90m 2 |[39m 
[36mimport[39m { 
supabase } 
[36mfrom[39m [32m'@/
lib/supabase'[39m
 [90m 3 |[39m 
[36mimport[39m { [33
mStudent[39m[33m,[39
m [33mClass[39m } 
[36mfrom[39m 
[32m'@/lib/types'[39m
 [90m 4 |[39m 
[36mimport[39m { [33
mPageHeader[39m[33m,
[39m [33mButton[39m[
33m,[39m [33mTable[3
9m[33m,[39m [33mModa
l[39m[33m,[39m [33m
Input[39m[33m,[39m 
[33mSelect[39m[33m,[
39m [33mBadge[39m } 
[36mfrom[39m [32m'@/
components/ui'[39m[0m

You're importing a 
component that needs 
`useRef`. This React 
Hook only works in a 
Client Component. To 
fix, mark the file (or 
its parent) with the 
`"use client"` 
directive.

 Learn more: https://ne
xtjs.org/docs/app/api-r
eference/directives/use
-client




./src/app/admin/siswa/p
age.tsx:1:21
Ecmascript file had an 
error
[0m[31m[1m>[22m[39
m[90m 1 |[39m 
[36mimport[39m { 
useEffect[33m,[39m 
useState[33m,[39m 
useRef } 
[36mfrom[39m 
[32m'react'[39m
 [90m   |[39m        
             [31m[1m^
[22m[39m[31m[1m^[2
2m[39m[31m[1m^[22m
[39m[31m[1m^[22m[39
m[31m[1m^[22m[39m[
31m[1m^[22m[39m[31m
[1m^[22m[39m[31m[1
m^[22m[39m
 [90m 2 |[39m 
[36mimport[39m { 
supabase } 
[36mfrom[39m [32m'@/
lib/supabase'[39m
 [90m 3 |[39m 
[36mimport[39m { [33
mStudent[39m[33m,[39
m [33mClass[39m } 
[36mfrom[39m 
[32m'@/lib/types'[39m
 [90m 4 |[39m 
[36mimport[39m { [33
mPageHeader[39m[33m,
[39m [33mButton[39m[
33m,[39m [33mTable[3
9m[33m,[39m [33mModa
l[39m[33m,[39m [33m
Input[39m[33m,[39m 
[33mSelect[39m[33m,[
39m [33mBadge[39m } 
[36mfrom[39m [32m'@/
components/ui'[39m[0m

You're importing a 
component that needs 
`useState`. This React 
Hook only works in a 
Client Component. To 
fix, mark the file (or 
its parent) with the 
`"use client"` 
directive.

 Learn more: https://ne
xtjs.org/docs/app/api-r
eference/directives/use
-client




    at <unknown> (./src
/app/admin/guru/page.ts
x:1:10)
    at <unknown> (./src
/app/admin/guru/page.ts
x:1:31)
    at <unknown> (./src
/app/admin/guru/page.ts
x:1:21)
    at <unknown> (./src
/app/admin/mata-pelajar
an/page.tsx:1:10)
    at <unknown> (./src
/app/admin/mata-pelajar
an/page.tsx:1:31)
    at <unknown> (./src
/app/admin/mata-pelajar
an/page.tsx:1:21)
    at <unknown> (./src
/app/admin/siswa/page.t
sx:1:10)
    at <unknown> (./src
/app/admin/siswa/page.t
sx:1:31)
    at <unknown> (./src
/app/admin/siswa/page.t
sx:1:21)
